Running Sphinx v9.1.0
loading translations [es]... done
WARNING: html_static_path entry '_static' does not exist
loading pickled environment... The configuration has changed (2 options: 'html_permalinks_icon', 'jquery_use_sri')
done
[autosummary] generating autosummary for: index.rst, introduccion.rst
building [mo]: targets for 0 po files that are out of date
writing output... 
building [html]: targets for 0 source files that are out of date
updating environment: 24 added, 1 changed, 0 removed
reading sources... [  4%] api/black
reading sources... [  8%] api/black.brackets
reading sources... [ 12%] api/black.cache
reading sources... [ 16%] api/black.comments
reading sources... [ 20%] api/black.concurrency
reading sources... [ 24%] api/black.const
reading sources... [ 28%] api/black.debug
reading sources... [ 32%] api/black.files
reading sources... [ 36%] api/black.handle_ipynb_magics
reading sources... [ 40%] api/black.linegen
reading sources... [ 44%] api/black.lines
reading sources... [ 48%] api/black.mode
reading sources... [ 52%] api/black.nodes
reading sources... [ 56%] api/black.numerics
reading sources... [ 60%] api/black.output
reading sources... [ 64%] api/black.parsing
reading sources... [ 68%] api/black.ranges
reading sources... [ 72%] api/black.report
reading sources... [ 76%] api/black.resources
reading sources... [ 80%] api/black.rusty
reading sources... [ 84%] api/black.schema
reading sources... [ 88%] api/black.strings
reading sources... [ 92%] api/black.trans
reading sources... [ 96%] api/modules
reading sources... [100%] introduccion

/home/isaacfz/DisenoSoftwre/REAL/ie0417-laboratorio-git-documentacion-C32985/../black-fuente/src/black/nodes.py:docstring of black.nodes.parent_type:5: WARNING: Definition list ends without a blank line; unexpected unindent. [docutils]
/home/isaacfz/DisenoSoftwre/REAL/ie0417-laboratorio-git-documentacion-C32985/../black-fuente/src/black/nodes.py:docstring of black.nodes.replace_child:3: WARNING: Bullet list ends without a blank line; unexpected unindent. [docutils]
/home/isaacfz/DisenoSoftwre/REAL/ie0417-laboratorio-git-documentacion-C32985/../black-fuente/src/black/nodes.py:docstring of black.nodes.replace_child:5: WARNING: Definition list ends without a blank line; unexpected unindent. [docutils]
/home/isaacfz/DisenoSoftwre/REAL/ie0417-laboratorio-git-documentacion-C32985/../black-fuente/src/black/strings.py:docstring of black.strings.assert_is_leaf_string:8: WARNING: Bullet list ends without a blank line; unexpected unindent. [docutils]
/home/isaacfz/DisenoSoftwre/REAL/ie0417-laboratorio-git-documentacion-C32985/../black-fuente/src/black/trans.py:docstring of black.trans.insert_str_child_factory:16: WARNING: Definition list ends without a blank line; unexpected unindent. [docutils]
/home/isaacfz/DisenoSoftwre/REAL/ie0417-laboratorio-git-documentacion-C32985/../black-fuente/src/black/trans.py:docstring of black.trans.insert_str_child_factory:17: WARNING: Definition list ends without a blank line; unexpected unindent. [docutils]
/home/isaacfz/DisenoSoftwre/REAL/ie0417-laboratorio-git-documentacion-C32985/../black-fuente/src/black/trans.py:docstring of black.trans.insert_str_child_factory:19: WARNING: Inline literal start-string without end-string. [docutils]
/home/isaacfz/DisenoSoftwre/REAL/ie0417-laboratorio-git-documentacion-C32985/../black-fuente/src/black/trans.py:docstring of black.trans.insert_str_child_factory:29: WARNING: Inline literal start-string without end-string. [docutils]
/home/isaacfz/DisenoSoftwre/REAL/ie0417-laboratorio-git-documentacion-C32985/../black-fuente/src/black/trans.py:docstring of black.trans.insert_str_child_factory:29: WARNING: Inline interpreted text or phrase reference start-string without end-string. [docutils]
/home/isaacfz/DisenoSoftwre/REAL/ie0417-laboratorio-git-documentacion-C32985/../black-fuente/src/black/trans.py:docstring of black.trans.insert_str_child_factory:43: WARNING: Definition list ends without a blank line; unexpected unindent. [docutils]
/home/isaacfz/DisenoSoftwre/REAL/ie0417-laboratorio-git-documentacion-C32985/../black-fuente/src/black/trans.py:docstring of black.trans.insert_str_child_factory:44: WARNING: Definition list ends without a blank line; unexpected unindent. [docutils]
/home/isaacfz/DisenoSoftwre/REAL/ie0417-laboratorio-git-documentacion-C32985/../black-fuente/src/black/trans.py:docstring of black.trans.is_valid_index_factory:3: WARNING: Inline literal start-string without end-string. [docutils]
/home/isaacfz/DisenoSoftwre/REAL/ie0417-laboratorio-git-documentacion-C32985/../black-fuente/src/black/trans.py:docstring of black.trans.is_valid_index_factory:11: WARNING: Inline literal start-string without end-string. [docutils]
/home/isaacfz/DisenoSoftwre/REAL/ie0417-laboratorio-git-documentacion-C32985/../black-fuente/src/black/trans.py:docstring of black.trans.is_valid_index_factory:11: WARNING: Inline interpreted text or phrase reference start-string without end-string. [docutils]
looking for now-outdated files... none found
pickling environment... done
checking consistency... done
preparing documents... done
copying assets... 
copying static files... 
Writing evaluated template result to /home/isaacfz/DisenoSoftwre/REAL/ie0417-laboratorio-git-documentacion-C32985/site/python/_static/basic.css
Writing evaluated template result to /home/isaacfz/DisenoSoftwre/REAL/ie0417-laboratorio-git-documentacion-C32985/site/python/_static/language_data.js
Writing evaluated template result to /home/isaacfz/DisenoSoftwre/REAL/ie0417-laboratorio-git-documentacion-C32985/site/python/_static/documentation_options.js
Writing evaluated template result to /home/isaacfz/DisenoSoftwre/REAL/ie0417-laboratorio-git-documentacion-C32985/site/python/_static/js/versions.js
copying static files: done
copying extra files... 
copying extra files: done
copying assets: done
writing output... [  4%] api/black
writing output... [  8%] api/black.brackets
writing output... [ 12%] api/black.cache
writing output... [ 15%] api/black.comments
writing output... [ 19%] api/black.concurrency
writing output... [ 23%] api/black.const
writing output... [ 27%] api/black.debug
writing output... [ 31%] api/black.files
writing output... [ 35%] api/black.handle_ipynb_magics
writing output... [ 38%] api/black.linegen
writing output... [ 42%] api/black.lines
writing output... [ 46%] api/black.mode
writing output... [ 50%] api/black.nodes
writing output... [ 54%] api/black.numerics
writing output... [ 58%] api/black.output
writing output... [ 62%] api/black.parsing
writing output... [ 65%] api/black.ranges
writing output... [ 69%] api/black.report
writing output... [ 73%] api/black.resources
writing output... [ 77%] api/black.rusty
writing output... [ 81%] api/black.schema
writing output... [ 85%] api/black.strings
writing output... [ 88%] api/black.trans
writing output... [ 92%] api/modules
writing output... [ 96%] index
writing output... [100%] introduccion

generating indices... genindex py-modindex done
highlighting module code... [  5%] black
highlighting module code... [ 10%] black.brackets
highlighting module code... [ 14%] black.cache
highlighting module code... [ 19%] black.comments
highlighting module code... [ 24%] black.concurrency
highlighting module code... [ 29%] black.debug
highlighting module code... [ 33%] black.files
highlighting module code... [ 38%] black.handle_ipynb_magics
highlighting module code... [ 43%] black.linegen
highlighting module code... [ 48%] black.lines
highlighting module code... [ 52%] black.mode
highlighting module code... [ 57%] black.nodes
highlighting module code... [ 62%] black.numerics
highlighting module code... [ 67%] black.output
highlighting module code... [ 71%] black.parsing
highlighting module code... [ 76%] black.ranges
highlighting module code... [ 81%] black.report
highlighting module code... [ 86%] black.rusty
highlighting module code... [ 90%] black.schema
highlighting module code... [ 95%] black.strings
highlighting module code... [100%] black.trans

writing additional pages... search done
dumping search index in Spanish (code: es)... done
dumping object inventory... done
build succeeded, 15 warnings.

The HTML pages are in ../site/python.
